{"level":"info","message":"⌛ Validating herenciaRutinas.wlk","timeElapsed":118,"timestamp":"2025-10-13T16:21:05.188Z"}
{"level":"info","message":"⌛ Building environment","timeElapsed":138,"timestamp":"2025-10-13T16:21:05.326Z"}
{"level":"info","message":"⌛ Building environment","timeElapsed":181,"timestamp":"2025-10-13T16:21:05.509Z"}
{"level":"info","message":"⌛ Building environment","timeElapsed":103,"timestamp":"2025-10-13T16:21:05.737Z"}
{"level":"info","message":"⌛ Building environment","timeElapsed":106,"timestamp":"2025-10-13T16:21:05.936Z"}
{"level":"info","message":"⌛ Building environment","timeElapsed":140,"timestamp":"2025-10-13T16:21:06.076Z"}
{"level":"info","message":"⌛ Building environment","timeElapsed":123,"timestamp":"2025-10-13T16:21:06.294Z"}
{"level":"info","message":"⌛ Building environment","timeElapsed":102,"timestamp":"2025-10-13T16:21:11.563Z"}
{"level":"error","message":"✘ Completions for node ParameterizedType ([38:32, 38:33] - herenciaRutinas.wlk) failed: Error: [ParameterizedType]{42ea35} at herenciaRutinas.wlk:38 exhausted all cases without a match [ParameterizedType]{42ea35} at herenciaRutinas.wlk:38 exhausted all cases without a match","stack":"Error: [ParameterizedType]{42ea35} at herenciaRutinas.wlk:38 exhausted all cases without a match\n    at /home/publico/.var/app/com.visualstudio.code/data/vscode/extensions/uqbar.wollok-lsp-ide-0.5.3/out/server/src/server.js:38:6142\n    at D2 (/home/publico/.var/app/com.visualstudio.code/data/vscode/extensions/uqbar.wollok-lsp-ide-0.5.3/out/server/src/server.js:2384:42)\n    at Qh (/home/publico/.var/app/com.visualstudio.code/data/vscode/extensions/uqbar.wollok-lsp-ide-0.5.3/out/server/src/server.js:2384:1092)\n    at k6n (/home/publico/.var/app/com.visualstudio.code/data/vscode/extensions/uqbar.wollok-lsp-ide-0.5.3/out/server/src/server.js:2384:1248)\n    at /home/publico/.var/app/com.visualstudio.code/data/vscode/extensions/uqbar.wollok-lsp-ide-0.5.3/out/server/src/server.js:38:6131\n    at D2 (/home/publico/.var/app/com.visualstudio.code/data/vscode/extensions/uqbar.wollok-lsp-ide-0.5.3/out/server/src/server.js:2384:42)\n    at /home/publico/.var/app/com.visualstudio.code/data/vscode/extensions/uqbar.wollok-lsp-ide-0.5.3/out/server/src/server.js:2384:2988\n    at /home/publico/.var/app/com.visualstudio.code/data/vscode/extensions/uqbar.wollok-lsp-ide-0.5.3/out/server/src/server.js:2393:8440\n    at /home/publico/.var/app/com.visualstudio.code/data/vscode/extensions/uqbar.wollok-lsp-ide-0.5.3/out/server/src/server.js:37:74872\n    at Ye (/home/publico/.var/app/com.visualstudio.code/data/vscode/extensions/uqbar.wollok-lsp-ide-0.5.3/out/server/src/server.js:7:8527)","timestamp":"2025-10-13T16:21:11.609Z"}
{"level":"info","message":"⌛ Building environment","timeElapsed":119,"timestamp":"2025-10-13T16:21:12.103Z"}
{"level":"info","message":"⌛ Building environment","timeElapsed":106,"timestamp":"2025-10-13T16:21:12.320Z"}
{"level":"info","message":"⌛ Building environment","timeElapsed":107,"timestamp":"2025-10-13T16:21:15.214Z"}
{"level":"info","message":"⌛ Building environment","timeElapsed":104,"timestamp":"2025-10-13T16:21:21.047Z"}
{"level":"info","message":"⌛ Building environment","timeElapsed":143,"timestamp":"2025-10-13T16:21:21.398Z"}
{"level":"info","message":"⌛ Building environment","timeElapsed":122,"timestamp":"2025-10-13T16:21:21.654Z"}
{"level":"error","message":"✘ Completions for node Return ([40:5, 40:11] - herenciaRutinas.wlk) failed: Error: [Return]{9388af} at herenciaRutinas.wlk:40 exhausted all cases without a match [Return]{9388af} at herenciaRutinas.wlk:40 exhausted all cases without a match","stack":"Error: [Return]{9388af} at herenciaRutinas.wlk:40 exhausted all cases without a match\n    at /home/publico/.var/app/com.visualstudio.code/data/vscode/extensions/uqbar.wollok-lsp-ide-0.5.3/out/server/src/server.js:38:6142\n    at D2 (/home/publico/.var/app/com.visualstudio.code/data/vscode/extensions/uqbar.wollok-lsp-ide-0.5.3/out/server/src/server.js:2384:42)\n    at /home/publico/.var/app/com.visualstudio.code/data/vscode/extensions/uqbar.wollok-lsp-ide-0.5.3/out/server/src/server.js:2384:2988\n    at /home/publico/.var/app/com.visualstudio.code/data/vscode/extensions/uqbar.wollok-lsp-ide-0.5.3/out/server/src/server.js:2393:8440\n    at /home/publico/.var/app/com.visualstudio.code/data/vscode/extensions/uqbar.wollok-lsp-ide-0.5.3/out/server/src/server.js:37:74872\n    at Ye (/home/publico/.var/app/com.visualstudio.code/data/vscode/extensions/uqbar.wollok-lsp-ide-0.5.3/out/server/src/server.js:7:8527)\n    at qt (/home/publico/.var/app/com.visualstudio.code/data/vscode/extensions/uqbar.wollok-lsp-ide-0.5.3/out/server/src/server.js:7:6189)\n    at ot (/home/publico/.var/app/com.visualstudio.code/data/vscode/extensions/uqbar.wollok-lsp-ide-0.5.3/out/server/src/server.js:7:6378)\n    at Immediate._onImmediate (/home/publico/.var/app/com.visualstudio.code/data/vscode/extensions/uqbar.wollok-lsp-ide-0.5.3/out/server/src/server.js:7:6142)\n    at process.processImmediate (node:internal/timers:485:21)","timestamp":"2025-10-13T16:21:21.883Z"}
{"level":"info","message":"⌛ Building environment","timeElapsed":110,"timestamp":"2025-10-13T16:21:22.071Z"}
{"level":"info","message":"⌛ Building environment","timeElapsed":118,"timestamp":"2025-10-13T16:21:22.378Z"}
{"level":"info","message":"⌛ Building environment","timeElapsed":168,"timestamp":"2025-10-13T16:21:23.003Z"}
{"level":"info","message":"⌛ Validating herenciaRutinas.wlk","timeElapsed":146,"timestamp":"2025-10-13T16:21:23.201Z"}
{"level":"info","message":"⌛ Building environment","timeElapsed":142,"timestamp":"2025-10-13T16:21:23.447Z"}
{"level":"info","message":"⌛ Building environment","timeElapsed":105,"timestamp":"2025-10-13T16:21:46.597Z"}
{"level":"info","message":"⌛ Validating testHerenciaRutinas.wtest","timeElapsed":128,"timestamp":"2025-10-13T16:22:05.730Z"}
